app/[locale]/dashboard/admin/_components/AdminTeachersList.tsx(172,35): error TS2349: This expression is not callable.
  Type 'TeacherRow' has no call signatures.
app/[locale]/dashboard/admin/_components/AdminTeachersList.tsx(173,37): error TS2349: This expression is not callable.
  Type 'TeacherRow' has no call signatures.
app/[locale]/dashboard/admin/_components/AdminTeachersList.tsx(174,37): error TS2349: This expression is not callable.
  Type 'TeacherRow' has no call signatures.
app/[locale]/dashboard/admin/_components/AdminTeachersList.tsx(175,35): error TS2349: This expression is not callable.
  Type 'TeacherRow' has no call signatures.
app/[locale]/dashboard/admin/faq/page.tsx(11,9): error TS2304: Cannot find name 't'.
app/[locale]/dashboard/admin/faq/page.tsx(12,15): error TS2304: Cannot find name 't'.
app/[locale]/dashboard/admin/financials/_components/FinancialTabs.tsx(16,27): error TS2304: Cannot find name 't'.
app/[locale]/dashboard/admin/financials/_components/FinancialTabs.tsx(17,26): error TS2304: Cannot find name 't'.
app/[locale]/dashboard/admin/financials/_components/FinancialTabs.tsx(18,26): error TS2304: Cannot find name 't'.
app/[locale]/dashboard/admin/financials/_components/FinancialTabs.tsx(19,25): error TS2304: Cannot find name 't'.
app/[locale]/dashboard/admin/financials/page.tsx(132,41): error TS2349: This expression is not callable.
  Type 'PlatformRevenueTransaction' has no call signatures.
app/[locale]/dashboard/admin/financials/page.tsx(132,71): error TS2349: This expression is not callable.
  Type 'PlatformRevenueTransaction' has no call signatures.
app/[locale]/dashboard/parent/faq/page.tsx(12,9): error TS2304: Cannot find name 't'.
app/[locale]/dashboard/parent/faq/page.tsx(13,15): error TS2304: Cannot find name 't'.
app/[locale]/dashboard/parent/financials/page.tsx(25,6): error TS2304: Cannot find name 't'.
app/[locale]/dashboard/parent/financials/page.tsx(32,7): error TS2304: Cannot find name 't'.
app/[locale]/dashboard/parent/financials/page.tsx(38,10): error TS2304: Cannot find name 't'.
app/[locale]/dashboard/parent/financials/page.tsx(39,10): error TS2304: Cannot find name 't'.
app/[locale]/dashboard/parent/financials/page.tsx(50,5): error TS2304: Cannot find name 't'.
app/[locale]/dashboard/parent/financials/page.tsx(66,43): error TS2304: Cannot find name 't'.
app/[locale]/dashboard/parent/financials/page.tsx(66,73): error TS2304: Cannot find name 't'.
app/[locale]/dashboard/parent/financials/page.tsx(72,7): error TS2304: Cannot find name 't'.
app/[locale]/dashboard/parent/financials/page.tsx(81,5): error TS2304: Cannot find name 't'.
app/[locale]/dashboard/teacher/bookings/[id]/page.tsx(78,43): error TS2304: Cannot find name 't'.
app/[locale]/dashboard/teacher/bookings/[id]/page.tsx(80,8): error TS2304: Cannot find name 't'.
app/[locale]/dashboard/teacher/bookings/[id]/page.tsx(105,9): error TS2304: Cannot find name 't'.
app/[locale]/dashboard/teacher/bookings/[id]/page.tsx(109,52): error TS2304: Cannot find name 't'.
app/[locale]/dashboard/teacher/bookings/[id]/page.tsx(115,12): error TS2304: Cannot find name 't'.
app/[locale]/dashboard/teacher/bookings/[id]/page.tsx(120,52): error TS2304: Cannot find name 't'.
app/[locale]/dashboard/teacher/bookings/[id]/page.tsx(142,52): error TS2304: Cannot find name 't'.
app/[locale]/dashboard/teacher/bookings/[id]/page.tsx(154,9): error TS2304: Cannot find name 't'.
app/[locale]/dashboard/teacher/bookings/[id]/page.tsx(165,11): error TS2304: Cannot find name 't'.
app/[locale]/dashboard/teacher/bookings/[id]/page.tsx(178,9): error TS2304: Cannot find name 't'.
app/[locale]/dashboard/teacher/bookings/[id]/page.tsx(182,42): error TS2304: Cannot find name 't'.
app/[locale]/dashboard/teacher/bookings/[id]/page.tsx(191,12): error TS2304: Cannot find name 't'.
app/[locale]/dashboard/teacher/bookings/[id]/page.tsx(201,43): error TS2304: Cannot find name 't'.
app/[locale]/dashboard/teacher/bookings/[id]/page.tsx(210,11): error TS2304: Cannot find name 't'.
app/[locale]/dashboard/teacher/bookings/[id]/page.tsx(223,12): error TS2304: Cannot find name 't'.
app/[locale]/dashboard/teacher/bookings/[id]/page.tsx(228,12): error TS2304: Cannot find name 't'.
app/[locale]/dashboard/teacher/bookings/[id]/page.tsx(233,11): error TS2304: Cannot find name 't'.
app/[locale]/dashboard/teacher/bookings/[id]/page.tsx(244,10): error TS2304: Cannot find name 't'.
app/[locale]/dashboard/teacher/bookings/[id]/page.tsx(260,13): error TS2304: Cannot find name 't'.
app/[locale]/dashboard/teacher/bookings/[id]/page.tsx(264,50): error TS2304: Cannot find name 't'.
app/[locale]/dashboard/teacher/bookings/[id]/page.tsx(267,49): error TS2304: Cannot find name 't'.
app/[locale]/dashboard/teacher/bookings/[id]/page.tsx(276,10): error TS2304: Cannot find name 't'.
app/[locale]/dashboard/teacher/faq/page.tsx(11,9): error TS2304: Cannot find name 't'.
app/[locale]/dashboard/teacher/faq/page.tsx(12,15): error TS2304: Cannot find name 't'.
app/[locale]/teachers/[slug]/page.tsx(14,5): error TS2304: Cannot find name 't'.
app/[locale]/teachers/[slug]/page.tsx(15,5): error TS2304: Cannot find name 't'.
app/[locale]/teachers/[slug]/page.tsx(16,5): error TS2304: Cannot find name 't'.
app/[locale]/teachers/[slug]/page.tsx(17,5): error TS2304: Cannot find name 't'.
app/[locale]/teachers/[slug]/page.tsx(18,5): error TS2304: Cannot find name 't'.
app/[locale]/teachers/[slug]/page.tsx(19,5): error TS2304: Cannot find name 't'.
app/[locale]/teachers/[slug]/page.tsx(20,5): error TS2304: Cannot find name 't'.
app/[locale]/teachers/[slug]/page.tsx(21,5): error TS2304: Cannot find name 't'.
app/[locale]/teachers/[slug]/page.tsx(22,5): error TS2304: Cannot find name 't'.
app/[locale]/teachers/[slug]/page.tsx(23,6): error TS2304: Cannot find name 't'.
app/[locale]/teachers/[slug]/page.tsx(24,6): error TS2304: Cannot find name 't'.
app/[locale]/teachers/[slug]/page.tsx(25,6): error TS2304: Cannot find name 't'.
app/[locale]/teachers/[slug]/page.tsx(29,10): error TS2304: Cannot find name 't'.
app/[locale]/teachers/[slug]/page.tsx(30,10): error TS2304: Cannot find name 't'.
app/[locale]/teachers/[slug]/page.tsx(31,8): error TS2304: Cannot find name 't'.
app/[locale]/teachers/[slug]/page.tsx(112,9): error TS2304: Cannot find name 't'.
app/[locale]/teachers/[slug]/page.tsx(125,47): error TS2304: Cannot find name 't'.
app/[locale]/teachers/[slug]/page.tsx(130,35): error TS2304: Cannot find name 't'.
app/[locale]/teachers/[slug]/page.tsx(132,42): error TS2304: Cannot find name 't'.
app/[locale]/teachers/[slug]/page.tsx(144,10): error TS2304: Cannot find name 't'.
app/[locale]/teachers/[slug]/page.tsx(151,10): error TS2304: Cannot find name 't'.
app/[locale]/teachers/[slug]/page.tsx(165,49): error TS2304: Cannot find name 't'.
app/[locale]/teachers/[slug]/page.tsx(175,49): error TS2304: Cannot find name 't'.
app/[locale]/teachers/[slug]/page.tsx(187,30): error TS2304: Cannot find name 't'.
app/[locale]/teachers/[slug]/page.tsx(195,59): error TS2304: Cannot find name 't'.
app/[locale]/teachers/[slug]/page.tsx(207,12): error TS2304: Cannot find name 't'.
app/[locale]/teachers/[slug]/page.tsx(214,12): error TS2304: Cannot find name 't'.
app/[locale]/teachers/[slug]/page.tsx(223,11): error TS2304: Cannot find name 't'.
app/[locale]/teachers/[slug]/page.tsx(239,16): error TS2304: Cannot find name 't'.
app/[locale]/teachers/[slug]/page.tsx(239,75): error TS2304: Cannot find name 't'.
app/[locale]/teachers/[slug]/page.tsx(270,45): error TS2304: Cannot find name 't'.
app/[locale]/teachers/[slug]/page.tsx(277,13): error TS2304: Cannot find name 't'.
app/[locale]/teachers/[slug]/page.tsx(288,13): error TS2304: Cannot find name 't'.
app/[locale]/teachers/[slug]/page.tsx(289,43): error TS2304: Cannot find name 't'.
app/[locale]/teachers/[slug]/page.tsx(299,13): error TS2304: Cannot find name 't'.
app/[locale]/teachers/[slug]/page.tsx(319,11): error TS2304: Cannot find name 't'.
app/[locale]/teachers/[slug]/page.tsx(335,10): error TS2304: Cannot find name 't'.
app/[locale]/teachers/[slug]/page.tsx(335,62): error TS2304: Cannot find name 't'.
app/[locale]/teachers/page.tsx(37,5): error TS2304: Cannot find name 't'.
app/[locale]/teachers/page.tsx(38,5): error TS2304: Cannot find name 't'.
app/[locale]/teachers/page.tsx(39,5): error TS2304: Cannot find name 't'.
app/[locale]/teachers/page.tsx(40,5): error TS2304: Cannot find name 't'.
app/[locale]/teachers/page.tsx(41,5): error TS2304: Cannot find name 't'.
app/[locale]/teachers/page.tsx(42,5): error TS2304: Cannot find name 't'.
app/[locale]/teachers/page.tsx(43,5): error TS2304: Cannot find name 't'.
app/[locale]/teachers/page.tsx(44,5): error TS2304: Cannot find name 't'.
app/[locale]/teachers/page.tsx(45,5): error TS2304: Cannot find name 't'.
app/[locale]/teachers/page.tsx(46,6): error TS2304: Cannot find name 't'.
app/[locale]/teachers/page.tsx(47,6): error TS2304: Cannot find name 't'.
app/[locale]/teachers/page.tsx(48,6): error TS2304: Cannot find name 't'.
app/[locale]/teachers/page.tsx(223,14): error TS2349: This expression is not callable.
  Type '{ user: { name: string; }; id: string; subSpecialization: string | null; gradeLevels: number[]; city: string | null; area: string | null; profileImageUrl: string | null; slug: string; yearsOfExperience: number; ... 5 more ...; subjects: ({ ...; } & { ...; })[]; }' has no call signatures.
app/[locale]/teachers/page.tsx(234,15): error TS2349: This expression is not callable.
  Type '{ user: { name: string; }; id: string; subSpecialization: string | null; gradeLevels: number[]; city: string | null; area: string | null; profileImageUrl: string | null; slug: string; yearsOfExperience: number; ... 5 more ...; subjects: ({ ...; } & { ...; })[]; }' has no call signatures.
app/[locale]/teachers/page.tsx(252,16): error TS2349: This expression is not callable.
  Type '{ user: { name: string; }; id: string; subSpecialization: string | null; gradeLevels: number[]; city: string | null; area: string | null; profileImageUrl: string | null; slug: string; yearsOfExperience: number; ... 5 more ...; subjects: ({ ...; } & { ...; })[]; }' has no call signatures.
components/shared/Sidebar.tsx(62,10): error TS2304: Cannot find name 't'.
